== compileAndPrint ==
0000    1:8    OP_CONSTANT         0 'abcdef'
0002    1:9    OP_POP
0003    1:15   OP_CONSTANT         1 '123'
0005    1:16   OP_POP
0006    1:27   OP_CONSTANT         2 '123456\"'
0008    1:28   OP_POP
0009    3:8    OP_CONSTANT         3 'multi
line
string!'
0011    3:9    OP_POP
0012    4:18   OP_CONSTANT         4 'after multiline?'
0014    4:19   OP_POP
0015    5:5    OP_CONSTANT         5 'abc'
0017    5:6    OP_POP
0018    5:6    OP_NIL
0019    5:6    OP_RETURN
