   1:1    '('
   1:3    ')'
   1:5    '{'
   1:7    '}'
   1:9    '['
   1:11   ']'
   1:13   ','
   1:15   '.'
   1:17   '-'
   1:19   '+'
   1:21   ';'
   1:23   '#'
   1:25   '&'
   1:27   '|'
   1:29   '^'
   1:31   '~'
   1:33   '!'
   1:35   '='
   1:37   '>'
   1:39   '/'
   1:41   '%'
   1:43   '*'
   1:45   '**'
   1:47   '<'
   1:49   '!'
   1:50   '='
   1:52   '=='
   1:54   '>='
   1:56   '<='
   1:58   '<<'
   1:60   '>>'
   2:6    'id123'
   2:13   'id_123'
   2:17   '_id'
   2:20   'ID'
   3:6    '"abc"'
   4:5    1234
   5:15   0x2000deadbeef
   6:4    and
   6:10   class
   6:15   else
   6:21   false
   6:25   for
   6:29   fun
   6:32   if
   6:36   nil
   6:39   or
   6:45   print
   6:52   return
   6:58   super
   6:63   this
   6:68   true
   6:72   var
   6:78   while
   6:78   EOF
