   1:7    '_123123'
   1:11   'abc'
   1:24   'ab12_12AC___'
   1:32   '_A_1_a_'
   1:36   and
   1:42   class
   1:47   else
   1:53   false
   1:57   for
   1:61   fun
   1:64   if
   1:68   nil
   1:71   or
   1:77   print
   1:84   return
   1:90   super
   1:95   this
   1:100  true
   1:104  var
   1:110  while
   1:110  EOF
